{
 "mode": "discovery",
 "eligibleForManifest": true,
 "provenance": {
  "headCommit": "21920546e8e33567b7c13e8cbaf219e93d7d69a8",
  "blobs": {
   "frontend/library/cssColorLiterals.mjs": "df6cd750913c15ad3fa2b816a276be09ffb968ad",
   "frontend/library/s4Canonicalize.mjs": "dc95d2cc78ba56412fb70bdf578a1949cb745258",
   "frontend/library/s4CaptureRunner.mjs": "e210dcb641b5e114102df387aa660741899c8a4c",
   "frontend/library/s4DomProbe.mjs": "49618d60ac1eb8263d9c7139c8861e8dd12fca30",
   "frontend/library/s4Evaluator.mjs": "deba6b7ae9408f8e518565277ea9c93383c51019",
   "frontend/library/s4Promote.mjs": "5978e83965cb327e4658b4c88fd3526ce9b589db",
   "frontend/library/s4Spec.mjs": "97f9d6faed653c486848da4b73d18729f9546e3b",
   "frontend/scripts/s4-capture.mjs": "3d8cb1f230b335bf99c7b9f9091928ca6e20734d",
   "frontend/scripts/s4-adapter.playwright.js": "8981eca053bcb7139be58c25b3ae64eafcff044a"
  },
  "specFingerprint": "5c8b9d0eabfd6ced5212eedde09ef2c911197ca6760228ccd25f223f1185d471",
  "hookVersion": 2,
  "bridgeProtocol": "s4-bridge/2"
 },
 "surfaces": [
  "canvas",
  "canvas-toolbar-active",
  "canvas-matpill-on",
  "sourcepicker-branch-hover",
  "sourcepicker-group-hover",
  "sourcepicker-task-hover",
  "sourcepicker-unparticipate-hover",
  "sourcepicker-search-focus",
  "sourcepicker-addmenu-open",
  "detail",
  "detail-originlink-hover",
  "detail-trackchip-hover",
  "timeline",
  "timeline-lane-hover",
  "timeline-lane-selected",
  "tree",
  "tree-row-hover",
  "tree-row-selected",
  "bulkadd",
  "createtrack",
  "createtrack-visopt-active",
  "settings-branches-edit",
  "settings-general-swatch"
 ],
 "surfacesCompleted": 23,
 "repeats": 1,
 "digest": "a5db9acd13eaf03277c099a2fba9c7b79db1b1e2379978a540ad7bd626b550d2",
 "endpoints": [
  "bulkadd GET http://localhost:10000/_next/static/development/_devMiddlewareManifest.json 200 ok x1",
  "bulkadd GET http://localhost:10000/_next/static/development/_devPagesManifest.json 200 ok x1",
  "bulkadd GET http://localhost:10001/api/branches 200 ok x1",
  "bulkadd GET http://localhost:10001/api/branches/13/epics 200 ok x1",
  "bulkadd GET http://localhost:10001/api/chat 200 ok x2",
  "bulkadd GET http://localhost:10001/api/notifications/unread-count 200 ok x2",
  "bulkadd GET http://localhost:10001/api/notifications?limit=30 200 ok x2",
  "bulkadd GET http://localhost:10001/api/profile/ui-prefs 200 ok x1",
  "bulkadd GET http://localhost:10001/api/setup/status 200 ok x1",
  "bulkadd GET http://localhost:10001/api/tracks 200 ok x1",
  "bulkadd GET http://localhost:10001/api/tracks/5 200 ok x1",
  "bulkadd GET http://localhost:10001/api/tracks/5/items 200 ok x1",
  "bulkadd GET http://localhost:10001/api/tracks/5/links 200 ok x1",
  "bulkadd GET http://localhost:10001/api/tracks/5/members 200 ok x1",
  "bulkadd GET http://localhost:10001/api/tracks/5/sidebar-tree 200 ok x1",
  "bulkadd GET http://localhost:10001/api/tracks/5/sources?limit=200&include_non_participating=true&branch_id=13&epic_id=7&exclude_done=true 200 ok x1",
  "canvas GET http://localhost:10000/_next/static/development/_devMiddlewareManifest.json 200 ok x1",
  "canvas GET http://localhost:10000/_next/static/development/_devPagesManifest.json 200 ok x1",
  "canvas GET http://localhost:10001/api/branches 200 ok x1",
  "canvas GET http://localhost:10001/api/chat 200 ok x2",
  "canvas GET http://localhost:10001/api/notifications/unread-count 200 ok x2",
  "canvas GET http://localhost:10001/api/notifications?limit=30 200 ok x2",
  "canvas GET http://localhost:10001/api/profile/ui-prefs 200 ok x1",
  "canvas GET http://localhost:10001/api/setup/status 200 ok x1",
  "canvas GET http://localhost:10001/api/tracks 200 ok x1",
  "canvas GET http://localhost:10001/api/tracks/5 200 ok x1",
  "canvas GET http://localhost:10001/api/tracks/5/items 200 ok x1",
  "canvas GET http://localhost:10001/api/tracks/5/links 200 ok x1",
  "canvas GET http://localhost:10001/api/tracks/5/members 200 ok x1",
  "canvas GET http://localhost:10001/api/tracks/5/sidebar-tree 200 ok x1",
  "canvas-matpill-on GET http://localhost:10000/_next/static/development/_devMiddlewareManifest.json 200 ok x1",
  "canvas-matpill-on GET http://localhost:10000/_next/static/development/_devPagesManifest.json 200 ok x1",
  "canvas-matpill-on GET http://localhost:10001/api/branches 200 ok x1",
  "canvas-matpill-on GET http://localhost:10001/api/chat 200 ok x2",
  "canvas-matpill-on GET http://localhost:10001/api/notifications/unread-count 200 ok x2",
  "canvas-matpill-on GET http://localhost:10001/api/notifications?limit=30 200 ok x2",
  "canvas-matpill-on GET http://localhost:10001/api/profile/ui-prefs 200 ok x1",
  "canvas-matpill-on GET http://localhost:10001/api/setup/status 200 ok x1",
  "canvas-matpill-on GET http://localhost:10001/api/tracks 200 ok x1",
  "canvas-matpill-on GET http://localhost:10001/api/tracks/5 200 ok x1",
  "canvas-matpill-on GET http://localhost:10001/api/tracks/5/items 200 ok x1",
  "canvas-matpill-on GET http://localhost:10001/api/tracks/5/links 200 ok x1",
  "canvas-matpill-on GET http://localhost:10001/api/tracks/5/members 200 ok x1",
  "canvas-matpill-on GET http://localhost:10001/api/tracks/5/sidebar-tree 200 ok x1",
  "canvas-toolbar-active GET http://localhost:10000/_next/static/development/_devMiddlewareManifest.json 200 ok x1",
  "canvas-toolbar-active GET http://localhost:10000/_next/static/development/_devPagesManifest.json 200 ok x1",
  "canvas-toolbar-active GET http://localhost:10001/api/branches 200 ok x1",
  "canvas-toolbar-active GET http://localhost:10001/api/chat 200 ok x2",
  "canvas-toolbar-active GET http://localhost:10001/api/notifications/unread-count 200 ok x2",
  "canvas-toolbar-active GET http://localhost:10001/api/notifications?limit=30 200 ok x2",
  "canvas-toolbar-active GET http://localhost:10001/api/profile/ui-prefs 200 ok x1",
  "canvas-toolbar-active GET http://localhost:10001/api/setup/status 200 ok x1",
  "canvas-toolbar-active GET http://localhost:10001/api/tracks 200 ok x1",
  "canvas-toolbar-active GET http://localhost:10001/api/tracks/5 200 ok x1",
  "canvas-toolbar-active GET http://localhost:10001/api/tracks/5/items 200 ok x1",
  "canvas-toolbar-active GET http://localhost:10001/api/tracks/5/links 200 ok x1",
  "canvas-toolbar-active GET http://localhost:10001/api/tracks/5/members 200 ok x1",
  "canvas-toolbar-active GET http://localhost:10001/api/tracks/5/sidebar-tree 200 ok x1",
  "createtrack GET http://localhost:10000/_next/static/development/_devMiddlewareManifest.json 200 ok x1",
  "createtrack GET http://localhost:10000/_next/static/development/_devPagesManifest.json 200 ok x1",
  "createtrack GET http://localhost:10001/api/branches 200 ok x1",
  "createtrack GET http://localhost:10001/api/chat 200 ok x2",
  "createtrack GET http://localhost:10001/api/notifications/unread-count 200 ok x2",
  "createtrack GET http://localhost:10001/api/notifications?limit=30 200 ok x2",
  "createtrack GET http://localhost:10001/api/profile/ui-prefs 200 ok x1",
  "createtrack GET http://localhost:10001/api/setup/status 200 ok x1",
  "createtrack GET http://localhost:10001/api/tracks 200 ok x2",
  "createtrack GET http://localhost:10001/api/tracks/home-stats 200 ok x1",
  "createtrack-visopt-active GET http://localhost:10000/_next/static/development/_devMiddlewareManifest.json 200 ok x1",
  "createtrack-visopt-active GET http://localhost:10000/_next/static/development/_devPagesManifest.json 200 ok x1",
  "createtrack-visopt-active GET http://localhost:10001/api/branches 200 ok x1",
  "createtrack-visopt-active GET http://localhost:10001/api/chat 200 ok x2",
  "createtrack-visopt-active GET http://localhost:10001/api/notifications/unread-count 200 ok x2",
  "createtrack-visopt-active GET http://localhost:10001/api/notifications?limit=30 200 ok x2",
  "createtrack-visopt-active GET http://localhost:10001/api/profile/ui-prefs 200 ok x1",
  "createtrack-visopt-active GET http://localhost:10001/api/setup/status 200 ok x1",
  "createtrack-visopt-active GET http://localhost:10001/api/tracks 200 ok x2",
  "createtrack-visopt-active GET http://localhost:10001/api/tracks/home-stats 200 ok x1",
  "detail GET http://localhost:10000/_next/static/development/_devMiddlewareManifest.json 200 ok x1",
  "detail GET http://localhost:10000/_next/static/development/_devPagesManifest.json 200 ok x1",
  "detail GET http://localhost:10001/api/branches 200 ok x1",
  "detail GET http://localhost:10001/api/chat 200 ok x2",
  "detail GET http://localhost:10001/api/notifications/unread-count 200 ok x2",
  "detail GET http://localhost:10001/api/notifications?limit=30 200 ok x2",
  "detail GET http://localhost:10001/api/profile/ui-prefs 200 ok x1",
  "detail GET http://localhost:10001/api/setup/status 200 ok x1",
  "detail GET http://localhost:10001/api/tracks 200 ok x1",
  "detail GET http://localhost:10001/api/tracks/5 200 ok x1",
  "detail GET http://localhost:10001/api/tracks/5/items 200 ok x1",
  "detail GET http://localhost:10001/api/tracks/5/links 200 ok x1",
  "detail GET http://localhost:10001/api/tracks/5/members 200 ok x1",
  "detail GET http://localhost:10001/api/tracks/5/sidebar-tree 200 ok x1",
  "detail-originlink-hover GET http://localhost:10000/_next/static/development/_devMiddlewareManifest.json 200 ok x1",
  "detail-originlink-hover GET http://localhost:10000/_next/static/development/_devPagesManifest.json 200 ok x1",
  "detail-originlink-hover GET http://localhost:10001/api/branches 200 ok x1",
  "detail-originlink-hover GET http://localhost:10001/api/chat 200 ok x2",
  "detail-originlink-hover GET http://localhost:10001/api/notifications/unread-count 200 ok x2",
  "detail-originlink-hover GET http://localhost:10001/api/notifications?limit=30 200 ok x2",
  "detail-originlink-hover GET http://localhost:10001/api/profile/ui-prefs 200 ok x1",
  "detail-originlink-hover GET http://localhost:10001/api/setup/status 200 ok x1",
  "detail-originlink-hover GET http://localhost:10001/api/tracks 200 ok x1",
  "detail-originlink-hover GET http://localhost:10001/api/tracks/5 200 ok x1",
  "detail-originlink-hover GET http://localhost:10001/api/tracks/5/items 200 ok x1",
  "detail-originlink-hover GET http://localhost:10001/api/tracks/5/links 200 ok x1",
  "detail-originlink-hover GET http://localhost:10001/api/tracks/5/members 200 ok x1",
  "detail-originlink-hover GET http://localhost:10001/api/tracks/5/sidebar-tree 200 ok x1",
  "detail-trackchip-hover GET http://localhost:10000/_next/static/development/_devMiddlewareManifest.json 200 ok x1",
  "detail-trackchip-hover GET http://localhost:10000/_next/static/development/_devPagesManifest.json 200 ok x1",
  "detail-trackchip-hover GET http://localhost:10001/api/branches 200 ok x1",
  "detail-trackchip-hover GET http://localhost:10001/api/chat 200 ok x2",
  "detail-trackchip-hover GET http://localhost:10001/api/notifications/unread-count 200 ok x2",
  "detail-trackchip-hover GET http://localhost:10001/api/notifications?limit=30 200 ok x2",
  "detail-trackchip-hover GET http://localhost:10001/api/profile/ui-prefs 200 ok x1",
  "detail-trackchip-hover GET http://localhost:10001/api/setup/status 200 ok x1",
  "detail-trackchip-hover GET http://localhost:10001/api/tracks 200 ok x1",
  "detail-trackchip-hover GET http://localhost:10001/api/tracks/5 200 ok x1",
  "detail-trackchip-hover GET http://localhost:10001/api/tracks/5/items 200 ok x1",
  "detail-trackchip-hover GET http://localhost:10001/api/tracks/5/links 200 ok x1",
  "detail-trackchip-hover GET http://localhost:10001/api/tracks/5/members 200 ok x1",
  "detail-trackchip-hover GET http://localhost:10001/api/tracks/5/sidebar-tree 200 ok x1",
  "settings-branches-edit GET http://localhost:10000/_next/static/development/_devMiddlewareManifest.json 200 ok x1",
  "settings-branches-edit GET http://localhost:10000/_next/static/development/_devPagesManifest.json 200 ok x1",
  "settings-branches-edit GET http://localhost:10001/api/chat 200 ok x2",
  "settings-branches-edit GET http://localhost:10001/api/notifications/unread-count 200 ok x2",
  "settings-branches-edit GET http://localhost:10001/api/notifications?limit=30 200 ok x2",
  "settings-branches-edit GET http://localhost:10001/api/profile/ui-prefs 200 ok x1",
  "settings-branches-edit GET http://localhost:10001/api/setup/status 200 ok x1",
  "settings-branches-edit GET http://localhost:10001/api/tracks 200 ok x1",
  "settings-branches-edit GET http://localhost:10001/api/tracks/5 200 ok x1",
  "settings-branches-edit GET http://localhost:10001/api/tracks/5/branches 200 ok x1",
  "settings-general-swatch GET http://localhost:10000/_next/static/development/_devMiddlewareManifest.json 200 ok x1",
  "settings-general-swatch GET http://localhost:10000/_next/static/development/_devPagesManifest.json 200 ok x1",
  "settings-general-swatch GET http://localhost:10001/api/chat 200 ok x2",
  "settings-general-swatch GET http://localhost:10001/api/notifications/unread-count 200 ok x2",
  "settings-general-swatch GET http://localhost:10001/api/notifications?limit=30 200 ok x2",
  "settings-general-swatch GET http://localhost:10001/api/profile/ui-prefs 200 ok x1",
  "settings-general-swatch GET http://localhost:10001/api/scrum 200 ok x1",
  "settings-general-swatch GET http://localhost:10001/api/scrum/10 200 ok x1",
  "settings-general-swatch GET http://localhost:10001/api/setup/status 200 ok x1",
  "sourcepicker-addmenu-open GET http://localhost:10000/_next/static/development/_devMiddlewareManifest.json 200 ok x1",
  "sourcepicker-addmenu-open GET http://localhost:10000/_next/static/development/_devPagesManifest.json 200 ok x1",
  "sourcepicker-addmenu-open GET http://localhost:10001/api/branches 200 ok x1",
  "sourcepicker-addmenu-open GET http://localhost:10001/api/chat 200 ok x2",
  "sourcepicker-addmenu-open GET http://localhost:10001/api/notifications/unread-count 200 ok x2",
  "sourcepicker-addmenu-open GET http://localhost:10001/api/notifications?limit=30 200 ok x2",
  "sourcepicker-addmenu-open GET http://localhost:10001/api/profile/ui-prefs 200 ok x1",
  "sourcepicker-addmenu-open GET http://localhost:10001/api/setup/status 200 ok x1",
  "sourcepicker-addmenu-open GET http://localhost:10001/api/tracks 200 ok x1",
  "sourcepicker-addmenu-open GET http://localhost:10001/api/tracks/5 200 ok x1",
  "sourcepicker-addmenu-open GET http://localhost:10001/api/tracks/5/items 200 ok x1",
  "sourcepicker-addmenu-open GET http://localhost:10001/api/tracks/5/links 200 ok x1",
  "sourcepicker-addmenu-open GET http://localhost:10001/api/tracks/5/members 200 ok x1",
  "sourcepicker-addmenu-open GET http://localhost:10001/api/tracks/5/sidebar-tree 200 ok x1",
  "sourcepicker-branch-hover GET http://localhost:10000/_next/static/development/_devMiddlewareManifest.json 200 ok x1",
  "sourcepicker-branch-hover GET http://localhost:10000/_next/static/development/_devPagesManifest.json 200 ok x1",
  "sourcepicker-branch-hover GET http://localhost:10001/api/branches 200 ok x1",
  "sourcepicker-branch-hover GET http://localhost:10001/api/chat 200 ok x2",
  "sourcepicker-branch-hover GET http://localhost:10001/api/notifications/unread-count 200 ok x2",
  "sourcepicker-branch-hover GET http://localhost:10001/api/notifications?limit=30 200 ok x2",
  "sourcepicker-branch-hover GET http://localhost:10001/api/profile/ui-prefs 200 ok x1",
  "sourcepicker-branch-hover GET http://localhost:10001/api/setup/status 200 ok x1",
  "sourcepicker-branch-hover GET http://localhost:10001/api/tracks 200 ok x1",
  "sourcepicker-branch-hover GET http://localhost:10001/api/tracks/5 200 ok x1",
  "sourcepicker-branch-hover GET http://localhost:10001/api/tracks/5/items 200 ok x1",
  "sourcepicker-branch-hover GET http://localhost:10001/api/tracks/5/links 200 ok x1",
  "sourcepicker-branch-hover GET http://localhost:10001/api/tracks/5/members 200 ok x1",
  "sourcepicker-branch-hover GET http://localhost:10001/api/tracks/5/sidebar-tree 200 ok x1",
  "sourcepicker-group-hover GET http://localhost:10000/_next/static/development/_devMiddlewareManifest.json 200 ok x1",
  "sourcepicker-group-hover GET http://localhost:10000/_next/static/development/_devPagesManifest.json 200 ok x1",
  "sourcepicker-group-hover GET http://localhost:10001/api/branches 200 ok x1",
  "sourcepicker-group-hover GET http://localhost:10001/api/chat 200 ok x2",
  "sourcepicker-group-hover GET http://localhost:10001/api/notifications/unread-count 200 ok x2",
  "sourcepicker-group-hover GET http://localhost:10001/api/notifications?limit=30 200 ok x2",
  "sourcepicker-group-hover GET http://localhost:10001/api/profile/ui-prefs 200 ok x1",
  "sourcepicker-group-hover GET http://localhost:10001/api/setup/status 200 ok x1",
  "sourcepicker-group-hover GET http://localhost:10001/api/tracks 200 ok x1",
  "sourcepicker-group-hover GET http://localhost:10001/api/tracks/5 200 ok x1",
  "sourcepicker-group-hover GET http://localhost:10001/api/tracks/5/items 200 ok x1",
  "sourcepicker-group-hover GET http://localhost:10001/api/tracks/5/links 200 ok x1",
  "sourcepicker-group-hover GET http://localhost:10001/api/tracks/5/members 200 ok x1",
  "sourcepicker-group-hover GET http://localhost:10001/api/tracks/5/sidebar-tree 200 ok x1",
  "sourcepicker-search-focus GET http://localhost:10000/_next/static/development/_devMiddlewareManifest.json 200 ok x1",
  "sourcepicker-search-focus GET http://localhost:10000/_next/static/development/_devPagesManifest.json 200 ok x1",
  "sourcepicker-search-focus GET http://localhost:10001/api/branches 200 ok x1",
  "sourcepicker-search-focus GET http://localhost:10001/api/chat 200 ok x2",
  "sourcepicker-search-focus GET http://localhost:10001/api/notifications/unread-count 200 ok x2",
  "sourcepicker-search-focus GET http://localhost:10001/api/notifications?limit=30 200 ok x2",
  "sourcepicker-search-focus GET http://localhost:10001/api/profile/ui-prefs 200 ok x1",
  "sourcepicker-search-focus GET http://localhost:10001/api/setup/status 200 ok x1",
  "sourcepicker-search-focus GET http://localhost:10001/api/tracks 200 ok x1",
  "sourcepicker-search-focus GET http://localhost:10001/api/tracks/5 200 ok x1",
  "sourcepicker-search-focus GET http://localhost:10001/api/tracks/5/items 200 ok x1",
  "sourcepicker-search-focus GET http://localhost:10001/api/tracks/5/links 200 ok x1",
  "sourcepicker-search-focus GET http://localhost:10001/api/tracks/5/members 200 ok x1",
  "sourcepicker-search-focus GET http://localhost:10001/api/tracks/5/sidebar-tree 200 ok x1",
  "sourcepicker-task-hover GET http://localhost:10000/_next/static/development/_devMiddlewareManifest.json 200 ok x1",
  "sourcepicker-task-hover GET http://localhost:10000/_next/static/development/_devPagesManifest.json 200 ok x1",
  "sourcepicker-task-hover GET http://localhost:10001/api/branches 200 ok x1",
  "sourcepicker-task-hover GET http://localhost:10001/api/chat 200 ok x2",
  "sourcepicker-task-hover GET http://localhost:10001/api/notifications/unread-count 200 ok x2",
  "sourcepicker-task-hover GET http://localhost:10001/api/notifications?limit=30 200 ok x2",
  "sourcepicker-task-hover GET http://localhost:10001/api/profile/ui-prefs 200 ok x1",
  "sourcepicker-task-hover GET http://localhost:10001/api/setup/status 200 ok x1",
  "sourcepicker-task-hover GET http://localhost:10001/api/tracks 200 ok x1",
  "sourcepicker-task-hover GET http://localhost:10001/api/tracks/5 200 ok x1",
  "sourcepicker-task-hover GET http://localhost:10001/api/tracks/5/items 200 ok x1",
  "sourcepicker-task-hover GET http://localhost:10001/api/tracks/5/links 200 ok x1",
  "sourcepicker-task-hover GET http://localhost:10001/api/tracks/5/members 200 ok x1",
  "sourcepicker-task-hover GET http://localhost:10001/api/tracks/5/sidebar-tree 200 ok x1",
  "sourcepicker-unparticipate-hover GET http://localhost:10000/_next/static/development/_devMiddlewareManifest.json 200 ok x1",
  "sourcepicker-unparticipate-hover GET http://localhost:10000/_next/static/development/_devPagesManifest.json 200 ok x1",
  "sourcepicker-unparticipate-hover GET http://localhost:10001/api/branches 200 ok x1",
  "sourcepicker-unparticipate-hover GET http://localhost:10001/api/chat 200 ok x2",
  "sourcepicker-unparticipate-hover GET http://localhost:10001/api/notifications/unread-count 200 ok x2",
  "sourcepicker-unparticipate-hover GET http://localhost:10001/api/notifications?limit=30 200 ok x2",
  "sourcepicker-unparticipate-hover GET http://localhost:10001/api/profile/ui-prefs 200 ok x1",
  "sourcepicker-unparticipate-hover GET http://localhost:10001/api/setup/status 200 ok x1",
  "sourcepicker-unparticipate-hover GET http://localhost:10001/api/tracks 200 ok x1",
  "sourcepicker-unparticipate-hover GET http://localhost:10001/api/tracks/5 200 ok x1",
  "sourcepicker-unparticipate-hover GET http://localhost:10001/api/tracks/5/items 200 ok x1",
  "sourcepicker-unparticipate-hover GET http://localhost:10001/api/tracks/5/links 200 ok x1",
  "sourcepicker-unparticipate-hover GET http://localhost:10001/api/tracks/5/members 200 ok x1",
  "sourcepicker-unparticipate-hover GET http://localhost:10001/api/tracks/5/sidebar-tree 200 ok x1",
  "timeline GET http://localhost:10000/_next/static/development/_devMiddlewareManifest.json 200 ok x1",
  "timeline GET http://localhost:10000/_next/static/development/_devPagesManifest.json 200 ok x1",
  "timeline GET http://localhost:10001/api/branches 200 ok x1",
  "timeline GET http://localhost:10001/api/chat 200 ok x2",
  "timeline GET http://localhost:10001/api/notifications/unread-count 200 ok x2",
  "timeline GET http://localhost:10001/api/notifications?limit=30 200 ok x2",
  "timeline GET http://localhost:10001/api/profile/ui-prefs 200 ok x1",
  "timeline GET http://localhost:10001/api/setup/status 200 ok x1",
  "timeline GET http://localhost:10001/api/tracks 200 ok x1",
  "timeline GET http://localhost:10001/api/tracks/5 200 ok x1",
  "timeline GET http://localhost:10001/api/tracks/5/items 200 ok x1",
  "timeline GET http://localhost:10001/api/tracks/5/links 200 ok x1",
  "timeline GET http://localhost:10001/api/tracks/5/members 200 ok x1",
  "timeline GET http://localhost:10001/api/tracks/5/sidebar-tree 200 ok x1",
  "timeline-lane-hover GET http://localhost:10000/_next/static/development/_devMiddlewareManifest.json 200 ok x1",
  "timeline-lane-hover GET http://localhost:10000/_next/static/development/_devPagesManifest.json 200 ok x1",
  "timeline-lane-hover GET http://localhost:10001/api/branches 200 ok x1",
  "timeline-lane-hover GET http://localhost:10001/api/chat 200 ok x2",
  "timeline-lane-hover GET http://localhost:10001/api/notifications/unread-count 200 ok x2",
  "timeline-lane-hover GET http://localhost:10001/api/notifications?limit=30 200 ok x2",
  "timeline-lane-hover GET http://localhost:10001/api/profile/ui-prefs 200 ok x1",
  "timeline-lane-hover GET http://localhost:10001/api/setup/status 200 ok x1",
  "timeline-lane-hover GET http://localhost:10001/api/tracks 200 ok x1",
  "timeline-lane-hover GET http://localhost:10001/api/tracks/5 200 ok x1",
  "timeline-lane-hover GET http://localhost:10001/api/tracks/5/items 200 ok x1",
  "timeline-lane-hover GET http://localhost:10001/api/tracks/5/links 200 ok x1",
  "timeline-lane-hover GET http://localhost:10001/api/tracks/5/members 200 ok x1",
  "timeline-lane-hover GET http://localhost:10001/api/tracks/5/sidebar-tree 200 ok x1",
  "timeline-lane-selected GET http://localhost:10000/_next/static/development/_devMiddlewareManifest.json 200 ok x1",
  "timeline-lane-selected GET http://localhost:10000/_next/static/development/_devPagesManifest.json 200 ok x1",
  "timeline-lane-selected GET http://localhost:10001/api/branches 200 ok x1",
  "timeline-lane-selected GET http://localhost:10001/api/chat 200 ok x2",
  "timeline-lane-selected GET http://localhost:10001/api/notifications/unread-count 200 ok x2",
  "timeline-lane-selected GET http://localhost:10001/api/notifications?limit=30 200 ok x2",
  "timeline-lane-selected GET http://localhost:10001/api/profile/ui-prefs 200 ok x1",
  "timeline-lane-selected GET http://localhost:10001/api/setup/status 200 ok x1",
  "timeline-lane-selected GET http://localhost:10001/api/tracks 200 ok x1",
  "timeline-lane-selected GET http://localhost:10001/api/tracks/5 200 ok x1",
  "timeline-lane-selected GET http://localhost:10001/api/tracks/5/items 200 ok x1",
  "timeline-lane-selected GET http://localhost:10001/api/tracks/5/links 200 ok x1",
  "timeline-lane-selected GET http://localhost:10001/api/tracks/5/members 200 ok x1",
  "timeline-lane-selected GET http://localhost:10001/api/tracks/5/sidebar-tree 200 ok x1",
  "tree GET http://localhost:10000/_next/static/development/_devMiddlewareManifest.json 200 ok x1",
  "tree GET http://localhost:10000/_next/static/development/_devPagesManifest.json 200 ok x1",
  "tree GET http://localhost:10001/api/branches 200 ok x1",
  "tree GET http://localhost:10001/api/chat 200 ok x2",
  "tree GET http://localhost:10001/api/notifications/unread-count 200 ok x2",
  "tree GET http://localhost:10001/api/notifications?limit=30 200 ok x2",
  "tree GET http://localhost:10001/api/profile/ui-prefs 200 ok x1",
  "tree GET http://localhost:10001/api/setup/status 200 ok x1",
  "tree GET http://localhost:10001/api/tracks 200 ok x1",
  "tree GET http://localhost:10001/api/tracks/5 200 ok x1",
  "tree GET http://localhost:10001/api/tracks/5/items 200 ok x1",
  "tree GET http://localhost:10001/api/tracks/5/links 200 ok x1",
  "tree GET http://localhost:10001/api/tracks/5/members 200 ok x1",
  "tree GET http://localhost:10001/api/tracks/5/sidebar-tree 200 ok x1",
  "tree-row-hover GET http://localhost:10000/_next/static/development/_devMiddlewareManifest.json 200 ok x1",
  "tree-row-hover GET http://localhost:10000/_next/static/development/_devPagesManifest.json 200 ok x1",
  "tree-row-hover GET http://localhost:10001/api/branches 200 ok x1",
  "tree-row-hover GET http://localhost:10001/api/chat 200 ok x2",
  "tree-row-hover GET http://localhost:10001/api/notifications/unread-count 200 ok x2",
  "tree-row-hover GET http://localhost:10001/api/notifications?limit=30 200 ok x2",
  "tree-row-hover GET http://localhost:10001/api/profile/ui-prefs 200 ok x1",
  "tree-row-hover GET http://localhost:10001/api/setup/status 200 ok x1",
  "tree-row-hover GET http://localhost:10001/api/tracks 200 ok x1",
  "tree-row-hover GET http://localhost:10001/api/tracks/5 200 ok x1",
  "tree-row-hover GET http://localhost:10001/api/tracks/5/items 200 ok x1",
  "tree-row-hover GET http://localhost:10001/api/tracks/5/links 200 ok x1",
  "tree-row-hover GET http://localhost:10001/api/tracks/5/members 200 ok x1",
  "tree-row-hover GET http://localhost:10001/api/tracks/5/sidebar-tree 200 ok x1",
  "tree-row-selected GET http://localhost:10000/_next/static/development/_devMiddlewareManifest.json 200 ok x1",
  "tree-row-selected GET http://localhost:10000/_next/static/development/_devPagesManifest.json 200 ok x1",
  "tree-row-selected GET http://localhost:10001/api/branches 200 ok x1",
  "tree-row-selected GET http://localhost:10001/api/chat 200 ok x2",
  "tree-row-selected GET http://localhost:10001/api/notifications/unread-count 200 ok x2",
  "tree-row-selected GET http://localhost:10001/api/notifications?limit=30 200 ok x2",
  "tree-row-selected GET http://localhost:10001/api/profile/ui-prefs 200 ok x1",
  "tree-row-selected GET http://localhost:10001/api/setup/status 200 ok x1",
  "tree-row-selected GET http://localhost:10001/api/tracks 200 ok x1",
  "tree-row-selected GET http://localhost:10001/api/tracks/5 200 ok x1",
  "tree-row-selected GET http://localhost:10001/api/tracks/5/items 200 ok x1",
  "tree-row-selected GET http://localhost:10001/api/tracks/5/links 200 ok x1",
  "tree-row-selected GET http://localhost:10001/api/tracks/5/members 200 ok x1",
  "tree-row-selected GET http://localhost:10001/api/tracks/5/sidebar-tree 200 ok x1"
 ],
 "bySurface": {
  "canvas": {
   "GET http://localhost:10000/_next/static/development/_devMiddlewareManifest.json 200": 1,
   "GET http://localhost:10000/_next/static/development/_devPagesManifest.json 200": 1,
   "GET http://localhost:10001/api/tracks 200": 1,
   "GET http://localhost:10001/api/tracks/5 200": 1,
   "GET http://localhost:10001/api/branches 200": 1,
   "GET http://localhost:10001/api/tracks/5/members 200": 1,
   "GET http://localhost:10001/api/setup/status 200": 1,
   "GET http://localhost:10001/api/tracks/5/items 200": 1,
   "GET http://localhost:10001/api/profile/ui-prefs 200": 1,
   "GET http://localhost:10001/api/tracks/5/links 200": 1,
   "GET http://localhost:10001/api/notifications?limit=30 200": 2,
   "GET http://localhost:10001/api/notifications/unread-count 200": 2,
   "GET http://localhost:10001/api/chat 200": 2,
   "GET http://localhost:10001/api/tracks/5/sidebar-tree 200": 1
  },
  "canvas-toolbar-active": {
   "GET http://localhost:10000/_next/static/development/_devMiddlewareManifest.json 200": 1,
   "GET http://localhost:10000/_next/static/development/_devPagesManifest.json 200": 1,
   "GET http://localhost:10001/api/tracks/5 200": 1,
   "GET http://localhost:10001/api/tracks/5/members 200": 1,
   "GET http://localhost:10001/api/tracks/5/items 200": 1,
   "GET http://localhost:10001/api/tracks/5/links 200": 1,
   "GET http://localhost:10001/api/tracks 200": 1,
   "GET http://localhost:10001/api/branches 200": 1,
   "GET http://localhost:10001/api/setup/status 200": 1,
   "GET http://localhost:10001/api/notifications/unread-count 200": 2,
   "GET http://localhost:10001/api/notifications?limit=30 200": 2,
   "GET http://localhost:10001/api/profile/ui-prefs 200": 1,
   "GET http://localhost:10001/api/chat 200": 2,
   "GET http://localhost:10001/api/tracks/5/sidebar-tree 200": 1
  },
  "canvas-matpill-on": {
   "GET http://localhost:10000/_next/static/development/_devMiddlewareManifest.json 200": 1,
   "GET http://localhost:10000/_next/static/development/_devPagesManifest.json 200": 1,
   "GET http://localhost:10001/api/tracks 200": 1,
   "GET http://localhost:10001/api/tracks/5 200": 1,
   "GET http://localhost:10001/api/tracks/5/members 200": 1,
   "GET http://localhost:10001/api/branches 200": 1,
   "GET http://localhost:10001/api/tracks/5/items 200": 1,
   "GET http://localhost:10001/api/tracks/5/links 200": 1,
   "GET http://localhost:10001/api/setup/status 200": 1,
   "GET http://localhost:10001/api/profile/ui-prefs 200": 1,
   "GET http://localhost:10001/api/notifications?limit=30 200": 2,
   "GET http://localhost:10001/api/notifications/unread-count 200": 2,
   "GET http://localhost:10001/api/chat 200": 2,
   "GET http://localhost:10001/api/tracks/5/sidebar-tree 200": 1
  },
  "sourcepicker-branch-hover": {
   "GET http://localhost:10000/_next/static/development/_devMiddlewareManifest.json 200": 1,
   "GET http://localhost:10000/_next/static/development/_devPagesManifest.json 200": 1,
   "GET http://localhost:10001/api/tracks 200": 1,
   "GET http://localhost:10001/api/tracks/5 200": 1,
   "GET http://localhost:10001/api/tracks/5/members 200": 1,
   "GET http://localhost:10001/api/tracks/5/items 200": 1,
   "GET http://localhost:10001/api/tracks/5/links 200": 1,
   "GET http://localhost:10001/api/setup/status 200": 1,
   "GET http://localhost:10001/api/profile/ui-prefs 200": 1,
   "GET http://localhost:10001/api/chat 200": 2,
   "GET http://localhost:10001/api/notifications?limit=30 200": 2,
   "GET http://localhost:10001/api/notifications/unread-count 200": 2,
   "GET http://localhost:10001/api/branches 200": 1,
   "GET http://localhost:10001/api/tracks/5/sidebar-tree 200": 1
  },
  "sourcepicker-group-hover": {
   "GET http://localhost:10000/_next/static/development/_devMiddlewareManifest.json 200": 1,
   "GET http://localhost:10000/_next/static/development/_devPagesManifest.json 200": 1,
   "GET http://localhost:10001/api/tracks/5 200": 1,
   "GET http://localhost:10001/api/tracks/5/members 200": 1,
   "GET http://localhost:10001/api/tracks 200": 1,
   "GET http://localhost:10001/api/tracks/5/items 200": 1,
   "GET http://localhost:10001/api/tracks/5/links 200": 1,
   "GET http://localhost:10001/api/setup/status 200": 1,
   "GET http://localhost:10001/api/notifications/unread-count 200": 2,
   "GET http://localhost:10001/api/notifications?limit=30 200": 2,
   "GET http://localhost:10001/api/profile/ui-prefs 200": 1,
   "GET http://localhost:10001/api/branches 200": 1,
   "GET http://localhost:10001/api/chat 200": 2,
   "GET http://localhost:10001/api/tracks/5/sidebar-tree 200": 1
  },
  "sourcepicker-task-hover": {
   "GET http://localhost:10000/_next/static/development/_devMiddlewareManifest.json 200": 1,
   "GET http://localhost:10000/_next/static/development/_devPagesManifest.json 200": 1,
   "GET http://localhost:10001/api/tracks 200": 1,
   "GET http://localhost:10001/api/tracks/5 200": 1,
   "GET http://localhost:10001/api/tracks/5/members 200": 1,
   "GET http://localhost:10001/api/branches 200": 1,
   "GET http://localhost:10001/api/tracks/5/items 200": 1,
   "GET http://localhost:10001/api/tracks/5/links 200": 1,
   "GET http://localhost:10001/api/setup/status 200": 1,
   "GET http://localhost:10001/api/notifications/unread-count 200": 2,
   "GET http://localhost:10001/api/profile/ui-prefs 200": 1,
   "GET http://localhost:10001/api/notifications?limit=30 200": 2,
   "GET http://localhost:10001/api/chat 200": 2,
   "GET http://localhost:10001/api/tracks/5/sidebar-tree 200": 1
  },
  "sourcepicker-unparticipate-hover": {
   "GET http://localhost:10000/_next/static/development/_devMiddlewareManifest.json 200": 1,
   "GET http://localhost:10000/_next/static/development/_devPagesManifest.json 200": 1,
   "GET http://localhost:10001/api/tracks 200": 1,
   "GET http://localhost:10001/api/tracks/5 200": 1,
   "GET http://localhost:10001/api/tracks/5/members 200": 1,
   "GET http://localhost:10001/api/branches 200": 1,
   "GET http://localhost:10001/api/tracks/5/items 200": 1,
   "GET http://localhost:10001/api/tracks/5/links 200": 1,
   "GET http://localhost:10001/api/setup/status 200": 1,
   "GET http://localhost:10001/api/profile/ui-prefs 200": 1,
   "GET http://localhost:10001/api/notifications/unread-count 200": 2,
   "GET http://localhost:10001/api/notifications?limit=30 200": 2,
   "GET http://localhost:10001/api/chat 200": 2,
   "GET http://localhost:10001/api/tracks/5/sidebar-tree 200": 1
  },
  "sourcepicker-search-focus": {
   "GET http://localhost:10000/_next/static/development/_devMiddlewareManifest.json 200": 1,
   "GET http://localhost:10000/_next/static/development/_devPagesManifest.json 200": 1,
   "GET http://localhost:10001/api/tracks 200": 1,
   "GET http://localhost:10001/api/tracks/5 200": 1,
   "GET http://localhost:10001/api/tracks/5/members 200": 1,
   "GET http://localhost:10001/api/tracks/5/items 200": 1,
   "GET http://localhost:10001/api/tracks/5/links 200": 1,
   "GET http://localhost:10001/api/setup/status 200": 1,
   "GET http://localhost:10001/api/branches 200": 1,
   "GET http://localhost:10001/api/notifications/unread-count 200": 2,
   "GET http://localhost:10001/api/chat 200": 2,
   "GET http://localhost:10001/api/notifications?limit=30 200": 2,
   "GET http://localhost:10001/api/profile/ui-prefs 200": 1,
   "GET http://localhost:10001/api/tracks/5/sidebar-tree 200": 1
  },
  "sourcepicker-addmenu-open": {
   "GET http://localhost:10000/_next/static/development/_devMiddlewareManifest.json 200": 1,
   "GET http://localhost:10000/_next/static/development/_devPagesManifest.json 200": 1,
   "GET http://localhost:10001/api/tracks/5 200": 1,
   "GET http://localhost:10001/api/tracks/5/members 200": 1,
   "GET http://localhost:10001/api/branches 200": 1,
   "GET http://localhost:10001/api/tracks/5/links 200": 1,
   "GET http://localhost:10001/api/tracks 200": 1,
   "GET http://localhost:10001/api/setup/status 200": 1,
   "GET http://localhost:10001/api/profile/ui-prefs 200": 1,
   "GET http://localhost:10001/api/notifications/unread-count 200": 2,
   "GET http://localhost:10001/api/notifications?limit=30 200": 2,
   "GET http://localhost:10001/api/chat 200": 2,
   "GET http://localhost:10001/api/tracks/5/items 200": 1,
   "GET http://localhost:10001/api/tracks/5/sidebar-tree 200": 1
  },
  "detail": {
   "GET http://localhost:10000/_next/static/development/_devMiddlewareManifest.json 200": 1,
   "GET http://localhost:10000/_next/static/development/_devPagesManifest.json 200": 1,
   "GET http://localhost:10001/api/tracks 200": 1,
   "GET http://localhost:10001/api/tracks/5 200": 1,
   "GET http://localhost:10001/api/tracks/5/members 200": 1,
   "GET http://localhost:10001/api/tracks/5/items 200": 1,
   "GET http://localhost:10001/api/tracks/5/links 200": 1,
   "GET http://localhost:10001/api/setup/status 200": 1,
   "GET http://localhost:10001/api/profile/ui-prefs 200": 1,
   "GET http://localhost:10001/api/notifications?limit=30 200": 2,
   "GET http://localhost:10001/api/notifications/unread-count 200": 2,
   "GET http://localhost:10001/api/branches 200": 1,
   "GET http://localhost:10001/api/chat 200": 2,
   "GET http://localhost:10001/api/tracks/5/sidebar-tree 200": 1
  },
  "detail-originlink-hover": {
   "GET http://localhost:10000/_next/static/development/_devMiddlewareManifest.json 200": 1,
   "GET http://localhost:10000/_next/static/development/_devPagesManifest.json 200": 1,
   "GET http://localhost:10001/api/tracks 200": 1,
   "GET http://localhost:10001/api/tracks/5 200": 1,
   "GET http://localhost:10001/api/tracks/5/members 200": 1,
   "GET http://localhost:10001/api/branches 200": 1,
   "GET http://localhost:10001/api/tracks/5/items 200": 1,
   "GET http://localhost:10001/api/tracks/5/links 200": 1,
   "GET http://localhost:10001/api/setup/status 200": 1,
   "GET http://localhost:10001/api/profile/ui-prefs 200": 1,
   "GET http://localhost:10001/api/notifications/unread-count 200": 2,
   "GET http://localhost:10001/api/chat 200": 2,
   "GET http://localhost:10001/api/notifications?limit=30 200": 2,
   "GET http://localhost:10001/api/tracks/5/sidebar-tree 200": 1
  },
  "detail-trackchip-hover": {
   "GET http://localhost:10000/_next/static/development/_devMiddlewareManifest.json 200": 1,
   "GET http://localhost:10000/_next/static/development/_devPagesManifest.json 200": 1,
   "GET http://localhost:10001/api/tracks 200": 1,
   "GET http://localhost:10001/api/tracks/5 200": 1,
   "GET http://localhost:10001/api/tracks/5/members 200": 1,
   "GET http://localhost:10001/api/tracks/5/links 200": 1,
   "GET http://localhost:10001/api/tracks/5/items 200": 1,
   "GET http://localhost:10001/api/notifications/unread-count 200": 2,
   "GET http://localhost:10001/api/setup/status 200": 1,
   "GET http://localhost:10001/api/profile/ui-prefs 200": 1,
   "GET http://localhost:10001/api/notifications?limit=30 200": 2,
   "GET http://localhost:10001/api/chat 200": 2,
   "GET http://localhost:10001/api/branches 200": 1,
   "GET http://localhost:10001/api/tracks/5/sidebar-tree 200": 1
  },
  "timeline": {
   "GET http://localhost:10000/_next/static/development/_devMiddlewareManifest.json 200": 1,
   "GET http://localhost:10000/_next/static/development/_devPagesManifest.json 200": 1,
   "GET http://localhost:10001/api/tracks/5 200": 1,
   "GET http://localhost:10001/api/tracks/5/members 200": 1,
   "GET http://localhost:10001/api/branches 200": 1,
   "GET http://localhost:10001/api/tracks/5/items 200": 1,
   "GET http://localhost:10001/api/tracks/5/links 200": 1,
   "GET http://localhost:10001/api/setup/status 200": 1,
   "GET http://localhost:10001/api/notifications?limit=30 200": 2,
   "GET http://localhost:10001/api/notifications/unread-count 200": 2,
   "GET http://localhost:10001/api/profile/ui-prefs 200": 1,
   "GET http://localhost:10001/api/chat 200": 2,
   "GET http://localhost:10001/api/tracks 200": 1,
   "GET http://localhost:10001/api/tracks/5/sidebar-tree 200": 1
  },
  "timeline-lane-hover": {
   "GET http://localhost:10000/_next/static/development/_devMiddlewareManifest.json 200": 1,
   "GET http://localhost:10000/_next/static/development/_devPagesManifest.json 200": 1,
   "GET http://localhost:10001/api/tracks 200": 1,
   "GET http://localhost:10001/api/tracks/5 200": 1,
   "GET http://localhost:10001/api/tracks/5/members 200": 1,
   "GET http://localhost:10001/api/branches 200": 1,
   "GET http://localhost:10001/api/tracks/5/items 200": 1,
   "GET http://localhost:10001/api/tracks/5/links 200": 1,
   "GET http://localhost:10001/api/setup/status 200": 1,
   "GET http://localhost:10001/api/chat 200": 2,
   "GET http://localhost:10001/api/notifications/unread-count 200": 2,
   "GET http://localhost:10001/api/notifications?limit=30 200": 2,
   "GET http://localhost:10001/api/profile/ui-prefs 200": 1,
   "GET http://localhost:10001/api/tracks/5/sidebar-tree 200": 1
  },
  "timeline-lane-selected": {
   "GET http://localhost:10000/_next/static/development/_devMiddlewareManifest.json 200": 1,
   "GET http://localhost:10000/_next/static/development/_devPagesManifest.json 200": 1,
   "GET http://localhost:10001/api/tracks 200": 1,
   "GET http://localhost:10001/api/tracks/5 200": 1,
   "GET http://localhost:10001/api/tracks/5/members 200": 1,
   "GET http://localhost:10001/api/branches 200": 1,
   "GET http://localhost:10001/api/tracks/5/items 200": 1,
   "GET http://localhost:10001/api/tracks/5/links 200": 1,
   "GET http://localhost:10001/api/setup/status 200": 1,
   "GET http://localhost:10001/api/notifications/unread-count 200": 2,
   "GET http://localhost:10001/api/profile/ui-prefs 200": 1,
   "GET http://localhost:10001/api/notifications?limit=30 200": 2,
   "GET http://localhost:10001/api/chat 200": 2,
   "GET http://localhost:10001/api/tracks/5/sidebar-tree 200": 1
  },
  "tree": {
   "GET http://localhost:10000/_next/static/development/_devMiddlewareManifest.json 200": 1,
   "GET http://localhost:10000/_next/static/development/_devPagesManifest.json 200": 1,
   "GET http://localhost:10001/api/tracks 200": 1,
   "GET http://localhost:10001/api/tracks/5 200": 1,
   "GET http://localhost:10001/api/tracks/5/members 200": 1,
   "GET http://localhost:10001/api/branches 200": 1,
   "GET http://localhost:10001/api/tracks/5/links 200": 1,
   "GET http://localhost:10001/api/setup/status 200": 1,
   "GET http://localhost:10001/api/notifications/unread-count 200": 2,
   "GET http://localhost:10001/api/chat 200": 2,
   "GET http://localhost:10001/api/profile/ui-prefs 200": 1,
   "GET http://localhost:10001/api/notifications?limit=30 200": 2,
   "GET http://localhost:10001/api/tracks/5/items 200": 1,
   "GET http://localhost:10001/api/tracks/5/sidebar-tree 200": 1
  },
  "tree-row-hover": {
   "GET http://localhost:10000/_next/static/development/_devMiddlewareManifest.json 200": 1,
   "GET http://localhost:10000/_next/static/development/_devPagesManifest.json 200": 1,
   "GET http://localhost:10001/api/tracks/5 200": 1,
   "GET http://localhost:10001/api/tracks/5/members 200": 1,
   "GET http://localhost:10001/api/branches 200": 1,
   "GET http://localhost:10001/api/tracks/5/items 200": 1,
   "GET http://localhost:10001/api/tracks/5/links 200": 1,
   "GET http://localhost:10001/api/setup/status 200": 1,
   "GET http://localhost:10001/api/chat 200": 2,
   "GET http://localhost:10001/api/notifications/unread-count 200": 2,
   "GET http://localhost:10001/api/notifications?limit=30 200": 2,
   "GET http://localhost:10001/api/profile/ui-prefs 200": 1,
   "GET http://localhost:10001/api/tracks 200": 1,
   "GET http://localhost:10001/api/tracks/5/sidebar-tree 200": 1
  },
  "tree-row-selected": {
   "GET http://localhost:10000/_next/static/development/_devMiddlewareManifest.json 200": 1,
   "GET http://localhost:10000/_next/static/development/_devPagesManifest.json 200": 1,
   "GET http://localhost:10001/api/tracks 200": 1,
   "GET http://localhost:10001/api/tracks/5 200": 1,
   "GET http://localhost:10001/api/tracks/5/members 200": 1,
   "GET http://localhost:10001/api/branches 200": 1,
   "GET http://localhost:10001/api/tracks/5/items 200": 1,
   "GET http://localhost:10001/api/tracks/5/links 200": 1,
   "GET http://localhost:10001/api/profile/ui-prefs 200": 1,
   "GET http://localhost:10001/api/notifications/unread-count 200": 2,
   "GET http://localhost:10001/api/notifications?limit=30 200": 2,
   "GET http://localhost:10001/api/chat 200": 2,
   "GET http://localhost:10001/api/setup/status 200": 1,
   "GET http://localhost:10001/api/tracks/5/sidebar-tree 200": 1
  },
  "bulkadd": {
   "GET http://localhost:10000/_next/static/development/_devMiddlewareManifest.json 200": 1,
   "GET http://localhost:10000/_next/static/development/_devPagesManifest.json 200": 1,
   "GET http://localhost:10001/api/tracks/5 200": 1,
   "GET http://localhost:10001/api/tracks/5/members 200": 1,
   "GET http://localhost:10001/api/branches 200": 1,
   "GET http://localhost:10001/api/tracks/5/items 200": 1,
   "GET http://localhost:10001/api/tracks/5/links 200": 1,
   "GET http://localhost:10001/api/setup/status 200": 1,
   "GET http://localhost:10001/api/notifications?limit=30 200": 2,
   "GET http://localhost:10001/api/profile/ui-prefs 200": 1,
   "GET http://localhost:10001/api/tracks 200": 1,
   "GET http://localhost:10001/api/notifications/unread-count 200": 2,
   "GET http://localhost:10001/api/chat 200": 2,
   "GET http://localhost:10001/api/tracks/5/sidebar-tree 200": 1,
   "GET http://localhost:10001/api/branches/13/epics 200": 1,
   "GET http://localhost:10001/api/tracks/5/sources?limit=200&include_non_participating=true&branch_id=13&epic_id=7&exclude_done=true 200": 1
  },
  "createtrack": {
   "GET http://localhost:10000/_next/static/development/_devMiddlewareManifest.json 200": 1,
   "GET http://localhost:10000/_next/static/development/_devPagesManifest.json 200": 1,
   "GET http://localhost:10001/api/setup/status 200": 1,
   "GET http://localhost:10001/api/notifications?limit=30 200": 2,
   "GET http://localhost:10001/api/profile/ui-prefs 200": 1,
   "GET http://localhost:10001/api/tracks 200": 2,
   "GET http://localhost:10001/api/tracks/home-stats 200": 1,
   "GET http://localhost:10001/api/notifications/unread-count 200": 2,
   "GET http://localhost:10001/api/chat 200": 2,
   "GET http://localhost:10001/api/branches 200": 1
  },
  "createtrack-visopt-active": {
   "GET http://localhost:10000/_next/static/development/_devMiddlewareManifest.json 200": 1,
   "GET http://localhost:10000/_next/static/development/_devPagesManifest.json 200": 1,
   "GET http://localhost:10001/api/tracks 200": 2,
   "GET http://localhost:10001/api/tracks/home-stats 200": 1,
   "GET http://localhost:10001/api/setup/status 200": 1,
   "GET http://localhost:10001/api/notifications?limit=30 200": 2,
   "GET http://localhost:10001/api/notifications/unread-count 200": 2,
   "GET http://localhost:10001/api/profile/ui-prefs 200": 1,
   "GET http://localhost:10001/api/chat 200": 2,
   "GET http://localhost:10001/api/branches 200": 1
  },
  "settings-branches-edit": {
   "GET http://localhost:10000/_next/static/development/_devMiddlewareManifest.json 200": 1,
   "GET http://localhost:10000/_next/static/development/_devPagesManifest.json 200": 1,
   "GET http://localhost:10001/api/tracks 200": 1,
   "GET http://localhost:10001/api/tracks/5 200": 1,
   "GET http://localhost:10001/api/setup/status 200": 1,
   "GET http://localhost:10001/api/notifications?limit=30 200": 2,
   "GET http://localhost:10001/api/profile/ui-prefs 200": 1,
   "GET http://localhost:10001/api/notifications/unread-count 200": 2,
   "GET http://localhost:10001/api/chat 200": 2,
   "GET http://localhost:10001/api/tracks/5/branches 200": 1
  },
  "settings-general-swatch": {
   "GET http://localhost:10000/_next/static/development/_devMiddlewareManifest.json 200": 1,
   "GET http://localhost:10000/_next/static/development/_devPagesManifest.json 200": 1,
   "GET http://localhost:10001/api/scrum 200": 1,
   "GET http://localhost:10001/api/scrum/10 200": 1,
   "GET http://localhost:10001/api/setup/status 200": 1,
   "GET http://localhost:10001/api/notifications/unread-count 200": 2,
   "GET http://localhost:10001/api/notifications?limit=30 200": 2,
   "GET http://localhost:10001/api/profile/ui-prefs 200": 1,
   "GET http://localhost:10001/api/chat 200": 2
  }
 }
}
